src/infra/persistence/in-memory/accountsCatalog.ts(6,3): error TS2741: Property 'currentBalanceByCompany' is missing in type '{ code: number; name: string; type: AccountType.ASSET; nature: "debit"; }' but required in type 'Account'.
src/infra/persistence/in-memory/accountsCatalog.ts(7,3): error TS2741: Property 'currentBalanceByCompany' is missing in type '{ code: number; name: string; type: AccountType.INCOME; nature: "credit"; }' but required in type 'Account'.
src/infra/persistence/in-memory/accountsCatalog.ts(8,3): error TS2741: Property 'currentBalanceByCompany' is missing in type '{ code: number; name: string; type: AccountType.LIABILITY; nature: "debit"; }' but required in type 'Account'.
src/infra/persistence/in-memory/accountsCatalog.ts(9,3): error TS2741: Property 'currentBalanceByCompany' is missing in type '{ code: number; name: string; type: AccountType.EXPENSE; nature: "debit"; }' but required in type 'Account'.
src/infra/persistence/in-memory/accountsCatalog.ts(10,3): error TS2741: Property 'currentBalanceByCompany' is missing in type '{ code: number; name: string; type: AccountType.ASSET; nature: "debit"; }' but required in type 'Account'.
src/infra/persistence/in-memory/inMemoryAccountRepository.ts(6,9): error TS2353: Object literal may only specify known properties, and 'getAccountsByCompanyId' does not exist in type 'AccountRepository'.
src/infra/persistence/mongo/repositories/MongoAccountRepository.ts(9,21): error TS2345: Argument of type '(doc: AccountDocument) => Account' is not assignable to parameter of type '(value: { type: string; name: string; code: number; nature: string; currentBalanceByCompany: { [x: string]: number; }; createdAt: NativeDate; updatedAt: NativeDate; } & { ...; } & { ...; } & Required<...>, index: number, array: ({ ...; } & ... 2 more ... & Required<...>)[]) => Account'.
  Types of parameters 'doc' and 'value' are incompatible.
    Type '{ type: string; name: string; code: number; nature: string; currentBalanceByCompany: { [x: string]: number; }; createdAt: NativeDate; updatedAt: NativeDate; } & { _id: ObjectId; } & { ...; } & Required<...>' is not assignable to type '{ type: string; name: string; code: number; nature: string; currentBalanceByCompany: Map<string, number>; } & DefaultTimestampProps'.
      Type '{ type: string; name: string; code: number; nature: string; currentBalanceByCompany: { [x: string]: number; }; createdAt: NativeDate; updatedAt: NativeDate; } & { _id: ObjectId; } & { ...; } & Required<...>' is not assignable to type '{ type: string; name: string; code: number; nature: string; currentBalanceByCompany: Map<string, number>; }'.
        Types of property 'currentBalanceByCompany' are incompatible.
          Type '{ [x: string]: number; }' is missing the following properties from type 'Map<string, number>': clear, delete, forEach, get, and 8 more.
src/infra/persistence/mongo/repositories/MongoAccountRepository.ts(18,27): error TS2345: Argument of type '{ type: string; name: string; code: number; nature: string; currentBalanceByCompany: { [x: string]: number; }; createdAt: NativeDate; updatedAt: NativeDate; } & { _id: ObjectId; } & { ...; } & Required<...>' is not assignable to parameter of type '{ type: string; name: string; code: number; nature: string; currentBalanceByCompany: Map<string, number>; } & DefaultTimestampProps'.
  Type '{ type: string; name: string; code: number; nature: string; currentBalanceByCompany: { [x: string]: number; }; createdAt: NativeDate; updatedAt: NativeDate; } & { _id: ObjectId; } & { ...; } & Required<...>' is not assignable to type '{ type: string; name: string; code: number; nature: string; currentBalanceByCompany: Map<string, number>; }'.
    Types of property 'currentBalanceByCompany' are incompatible.
      Type '{ [x: string]: number; }' is missing the following properties from type 'Map<string, number>': clear, delete, forEach, get, and 8 more.
